// Jest Snapshot v1, https://goo.gl/fbAQLP

exports[`PriusBackdrop test renders correctly 1`] = `
<PriusBackdropNew
  placement="bottom-start"
  popperId="dummy_prius_popper"
  renderTrigger={[Function]}
>
  <button
    aria-describedby="dummy_prius_popper"
    onClick={[Function]}
  >
    Toggle Popper
  </button>
  <ForwardRef(Popper)
    anchorEl={null}
    className="makeStyles-popper-2"
    id="dummy_prius_popper"
    modifiers={
      Object {
        "arrow": Object {
          "element": null,
          "enabled": true,
        },
        "flip": Object {
          "enabled": true,
        },
      }
    }
    open={false}
    placement="bottom-start"
    transition={true}
  />
</PriusBackdropNew>
`;
