// Jest Snapshot v1, https://goo.gl/fbAQLP

exports[`Prius checkbox test render successfully 1`] = `
<PriusCheckbox
  checked={false}
  classes={Object {}}
  disabled={false}
  id="prius-checkbox"
  indeterminate={false}
  onChange={[MockFunction]}
>
  <WithStyles(ForwardRef(Checkbox))
    checked={false}
    checkedIcon={
      <UNDEFINED
        style={
          Object {
            "width": "18px",
          }
        }
      />
    }
    classes={
      Object {
        "checked": "makeStyles-checked-2",
        "disabled": "makeStyles-disabled-3",
        "root": "makeStyles-root-1",
      }
    }
    disabled={false}
    icon={
      <UNDEFINED
        style={
          Object {
            "width": "18px",
          }
        }
      />
    }
    id="prius-checkbox"
    indeterminate={false}
    indeterminateIcon={
      <UNDEFINED
        style={
          Object {
            "width": "18px",
          }
        }
      />
    }
    onChange={[MockFunction]}
  >
    <ForwardRef(Checkbox)
      checked={false}
      checkedIcon={
        <UNDEFINED
          style={
            Object {
              "width": "18px",
            }
          }
        />
      }
      classes={
        Object {
          "checked": "Mui-checked makeStyles-checked-2",
          "colorPrimary": "MuiCheckbox-colorPrimary",
          "colorSecondary": "MuiCheckbox-colorSecondary",
          "disabled": "Mui-disabled makeStyles-disabled-3",
          "indeterminate": "MuiCheckbox-indeterminate",
          "root": "MuiCheckbox-root makeStyles-root-1",
        }
      }
      disabled={false}
      icon={
        <UNDEFINED
          style={
            Object {
              "width": "18px",
            }
          }
        />
      }
      id="prius-checkbox"
      indeterminate={false}
      indeterminateIcon={
        <UNDEFINED
          style={
            Object {
              "width": "18px",
            }
          }
        />
      }
      onChange={[MockFunction]}
    >
      <WithStyles(ForwardRef(SwitchBase))
        checked={false}
        checkedIcon={
          <UNDEFINED
            fontSize="default"
            style={
              Object {
                "width": "18px",
              }
            }
          />
        }
        classes={
          Object {
            "checked": "Mui-checked makeStyles-checked-2",
            "disabled": "Mui-disabled makeStyles-disabled-3",
            "root": "MuiCheckbox-root makeStyles-root-1 MuiCheckbox-colorSecondary",
          }
        }
        color="secondary"
        disabled={false}
        icon={
          <UNDEFINED
            fontSize="default"
            style={
              Object {
                "width": "18px",
              }
            }
          />
        }
        id="prius-checkbox"
        inputProps={
          Object {
            "data-indeterminate": false,
          }
        }
        onChange={[MockFunction]}
        type="checkbox"
      >
        <ForwardRef(SwitchBase)
          checked={false}
          checkedIcon={
            <UNDEFINED
              fontSize="default"
              style={
                Object {
                  "width": "18px",
                }
              }
            />
          }
          classes={
            Object {
              "checked": "PrivateSwitchBase-checked-5 Mui-checked makeStyles-checked-2",
              "disabled": "PrivateSwitchBase-disabled-6 Mui-disabled makeStyles-disabled-3",
              "input": "PrivateSwitchBase-input-7",
              "root": "PrivateSwitchBase-root-4 MuiCheckbox-root makeStyles-root-1 MuiCheckbox-colorSecondary",
            }
          }
          color="secondary"
          disabled={false}
          icon={
            <UNDEFINED
              fontSize="default"
              style={
                Object {
                  "width": "18px",
                }
              }
            />
          }
          id="prius-checkbox"
          inputProps={
            Object {
              "data-indeterminate": false,
            }
          }
          onChange={[MockFunction]}
          type="checkbox"
        >
          <WithStyles(ForwardRef(IconButton))
            className="PrivateSwitchBase-root-4 MuiCheckbox-root makeStyles-root-1 MuiCheckbox-colorSecondary"
            color="secondary"
            component="span"
            disabled={false}
            onBlur={[Function]}
            onFocus={[Function]}
            tabIndex={null}
          >
            <ForwardRef(IconButton)
              className="PrivateSwitchBase-root-4 MuiCheckbox-root makeStyles-root-1 MuiCheckbox-colorSecondary"
              classes={
                Object {
                  "colorInherit": "MuiIconButton-colorInherit",
                  "colorPrimary": "MuiIconButton-colorPrimary",
                  "colorSecondary": "MuiIconButton-colorSecondary",
                  "disabled": "Mui-disabled",
                  "edgeEnd": "MuiIconButton-edgeEnd",
                  "edgeStart": "MuiIconButton-edgeStart",
                  "label": "MuiIconButton-label",
                  "root": "MuiIconButton-root",
                  "sizeSmall": "MuiIconButton-sizeSmall",
                }
              }
              color="secondary"
              component="span"
              disabled={false}
              onBlur={[Function]}
              onFocus={[Function]}
              tabIndex={null}
            >
              <WithStyles(ForwardRef(ButtonBase))
                centerRipple={true}
                className="MuiIconButton-root PrivateSwitchBase-root-4 MuiCheckbox-root makeStyles-root-1 MuiCheckbox-colorSecondary MuiIconButton-colorSecondary"
                component="span"
                disabled={false}
                focusRipple={true}
                onBlur={[Function]}
                onFocus={[Function]}
                tabIndex={null}
              >
                <ForwardRef(ButtonBase)
                  centerRipple={true}
                  className="MuiIconButton-root PrivateSwitchBase-root-4 MuiCheckbox-root makeStyles-root-1 MuiCheckbox-colorSecondary MuiIconButton-colorSecondary"
                  classes={
                    Object {
                      "disabled": "Mui-disabled",
                      "focusVisible": "Mui-focusVisible",
                      "root": "MuiButtonBase-root",
                    }
                  }
                  component="span"
                  disabled={false}
                  focusRipple={true}
                  onBlur={[Function]}
                  onFocus={[Function]}
                  tabIndex={null}
                >
                  <span
                    aria-disabled={false}
                    className="MuiButtonBase-root MuiIconButton-root PrivateSwitchBase-root-4 MuiCheckbox-root makeStyles-root-1 MuiCheckbox-colorSecondary MuiIconButton-colorSecondary"
                    onBlur={[Function]}
                    onDragLeave={[Function]}
                    onFocus={[Function]}
                    onKeyDown={[Function]}
                    onKeyUp={[Function]}
                    onMouseDown={[Function]}
                    onMouseLeave={[Function]}
                    onMouseUp={[Function]}
                    onTouchEnd={[Function]}
                    onTouchMove={[Function]}
                    onTouchStart={[Function]}
                    tabIndex={null}
                  >
                    <span
                      className="MuiIconButton-label"
                    >
                      <input
                        checked={false}
                        className="PrivateSwitchBase-input-7"
                        data-indeterminate={false}
                        disabled={false}
                        id="prius-checkbox"
                        onChange={[Function]}
                        type="checkbox"
                      />
                      <ForwardRef
                        fontSize="default"
                        style={
                          Object {
                            "width": "18px",
                          }
                        }
                      >
                        <WithStyles(ForwardRef(SvgIcon))
                          fontSize="default"
                          style={
                            Object {
                              "width": "18px",
                            }
                          }
                        >
                          <ForwardRef(SvgIcon)
                            classes={
                              Object {
                                "colorAction": "MuiSvgIcon-colorAction",
                                "colorDisabled": "MuiSvgIcon-colorDisabled",
                                "colorError": "MuiSvgIcon-colorError",
                                "colorPrimary": "MuiSvgIcon-colorPrimary",
                                "colorSecondary": "MuiSvgIcon-colorSecondary",
                                "fontSizeInherit": "MuiSvgIcon-fontSizeInherit",
                                "fontSizeLarge": "MuiSvgIcon-fontSizeLarge",
                                "fontSizeSmall": "MuiSvgIcon-fontSizeSmall",
                                "root": "MuiSvgIcon-root",
                              }
                            }
                            fontSize="default"
                            style={
                              Object {
                                "width": "18px",
                              }
                            }
                          >
                            <svg
                              aria-hidden={true}
                              className="MuiSvgIcon-root"
                              focusable="false"
                              style={
                                Object {
                                  "width": "18px",
                                }
                              }
                              viewBox="0 0 24 24"
                            >
                              <path
                                d="M19 5v14H5V5h14m0-2H5c-1.1 0-2 .9-2 2v14c0 1.1.9 2 2 2h14c1.1 0 2-.9 2-2V5c0-1.1-.9-2-2-2z"
                              />
                            </svg>
                          </ForwardRef(SvgIcon)>
                        </WithStyles(ForwardRef(SvgIcon))>
                      </ForwardRef>
                    </span>
                    <WithStyles(memo)
                      center={true}
                    >
                      <ForwardRef(TouchRipple)
                        center={true}
                        classes={
                          Object {
                            "child": "MuiTouchRipple-child",
                            "childLeaving": "MuiTouchRipple-childLeaving",
                            "childPulsate": "MuiTouchRipple-childPulsate",
                            "ripple": "MuiTouchRipple-ripple",
                            "ripplePulsate": "MuiTouchRipple-ripplePulsate",
                            "rippleVisible": "MuiTouchRipple-rippleVisible",
                            "root": "MuiTouchRipple-root",
                          }
                        }
                      >
                        <span
                          className="MuiTouchRipple-root"
                        >
                          <TransitionGroup
                            childFactory={[Function]}
                            component={null}
                            exit={true}
                          />
                        </span>
                      </ForwardRef(TouchRipple)>
                    </WithStyles(memo)>
                  </span>
                </ForwardRef(ButtonBase)>
              </WithStyles(ForwardRef(ButtonBase))>
            </ForwardRef(IconButton)>
          </WithStyles(ForwardRef(IconButton))>
        </ForwardRef(SwitchBase)>
      </WithStyles(ForwardRef(SwitchBase))>
    </ForwardRef(Checkbox)>
  </WithStyles(ForwardRef(Checkbox))>
</PriusCheckbox>
`;
